0 ffffff90 acos
0 ffffff91 testPrintFloat
0 ffffff92 testPrintInt
0 ffffff93 ceil
0 ffffff94 floor
0 ffffff95 sqrt
0 ffffff96 atan2
0 ffffff97 cos
0 ffffff98 sin
0 ffffff99 strncpy
0 ffffff9a memcpy
0 ffffff9b memset
0 ffffffa1 trap_R_AddPolyBufferToScene
0 ffffffa2 trap_getCameraInfo
0 ffffffa3 trap_stopCamera
0 ffffffa4 trap_startCamera
0 ffffffa5 trap_loadCamera
0 ffffffa6 trap_FS_Seek
0 ffffffa7 trap_R_inPVS
0 ffffffa8 trap_R_AddPolysToScene
0 ffffffa9 trap_GetEntityToken
0 ffffffaa trap_R_AddAdditiveLightToScene
0 ffffffab trap_CM_TransformedCapsuleTrace
0 ffffffac trap_CM_CapsuleTrace
0 ffffffad trap_CM_TempCapsuleModel
0 ffffffae trap_S_StopLoopingSound
0 ffffffaf trap_S_AddRealLoopingSound
0 ffffffb0 trap_R_RemapShader
0 ffffffb1 trap_CIN_SetExtents
0 ffffffb2 trap_CIN_DrawCinematic
0 ffffffb3 trap_CIN_RunCinematic
0 ffffffb4 trap_CIN_StopCinematic
0 ffffffb5 trap_CIN_PlayCinematic
0 ffffffb6 trap_R_LightForPoint
0 ffffffb7 trap_RemoveCommand
0 ffffffb8 trap_SnapVector
0 ffffffb9 trap_RealTime
0 ffffffba trap_S_StopBackgroundTrack
0 ffffffbb trap_PC_SourceFileAndLine
0 ffffffbc trap_PC_ReadToken
0 ffffffbd trap_PC_FreeSource
0 ffffffbe trap_PC_LoadSource
0 ffffffbf trap_PC_AddGlobalDefine
0 ffffffc0 trap_Key_GetKey
0 ffffffc1 trap_Key_SetCatcher
0 ffffffc2 trap_Key_GetCatcher
0 ffffffc3 trap_Key_IsDown
0 ffffffc4 trap_R_RegisterFont
0 ffffffc5 trap_MemoryRemaining
0 ffffffc6 trap_R_RegisterShaderNoMip
0 ffffffc7 trap_SetUserCmdValue
0 ffffffc8 trap_GetUserCmd
0 ffffffc9 trap_GetCurrentCmdNumber
0 ffffffca trap_GetServerCommand
0 ffffffcb trap_GetSnapshot
0 ffffffcc trap_GetCurrentSnapshotNumber
0 ffffffcd trap_GetGameState
0 ffffffce trap_GetGlconfig
0 ffffffcf trap_R_LerpTag
0 ffffffd0 trap_R_ModelBounds
0 ffffffd1 trap_R_DrawStretchPic
0 ffffffd2 trap_R_SetColor
0 ffffffd3 trap_R_RenderScene
0 ffffffd4 trap_R_AddLightToScene
0 ffffffd5 trap_R_AddPolyToScene
0 ffffffd6 trap_R_AddRefEntityToScene
0 ffffffd7 trap_R_ClearScene
0 ffffffd8 trap_R_RegisterShader
0 ffffffd9 trap_R_RegisterSkin
0 ffffffda trap_R_RegisterModel
0 ffffffdb trap_R_LoadWorldMap
0 ffffffdc trap_S_StartBackgroundTrack
0 ffffffdd trap_S_RegisterSound
0 ffffffde trap_S_Respatialize
0 ffffffdf trap_S_UpdateEntityPosition
0 ffffffe0 trap_S_AddLoopingSound
0 ffffffe1 trap_S_ClearLoopingSounds
0 ffffffe2 trap_S_StartLocalSound
0 ffffffe3 trap_S_StartSound
0 ffffffe4 trap_CM_MarkFragments
0 ffffffe5 trap_CM_TransformedBoxTrace
0 ffffffe6 trap_CM_BoxTrace
0 ffffffe7 trap_CM_TransformedPointContents
0 ffffffe8 trap_CM_PointContents
0 ffffffe9 trap_CM_TempBoxModel
0 ffffffea trap_CM_LoadModel
0 ffffffeb trap_CM_InlineModel
0 ffffffec trap_CM_NumInlineModels
0 ffffffed trap_CM_LoadMap
0 ffffffee trap_UpdateScreen
0 ffffffef trap_SendClientCommand
0 fffffff0 trap_AddCommand
0 fffffff1 trap_SendConsoleCommand
0 fffffff2 trap_FS_FCloseFile
0 fffffff3 trap_FS_Write
0 fffffff4 trap_FS_Read
0 fffffff5 trap_FS_FOpenFile
0 fffffff6 trap_Args
0 fffffff7 trap_Argv
0 fffffff8 trap_Argc
0 fffffff9 trap_Cvar_VariableStringBuffer
0 fffffffa trap_Cvar_Set
0 fffffffb trap_Cvar_Update
0 fffffffc trap_Cvar_Register
0 fffffffd trap_Milliseconds
0 fffffffe trap_Error
0 ffffffff trap_Print
0        0 vmMain
0       8b CG_RegisterCvars
0       f2 CG_ForceModelChange
0      11d contains
0      14d UpdateWeaponOrder
0      293 CG_UpdateCvars
0      37a CG_CrosshairPlayer
0      38b CG_LastAttacker
0      39c CG_Printf
0      3b5 CG_Error
0      3ce Com_Error
0      3e7 Com_Printf
0      400 Com_DPrintf
0      41d CG_Argv
0      442 CG_RegisterItemSounds^0
0      4df CG_RegisterSounds^0
0      9e2 CG_Register2D^0
0      a81 CG_MenuCache^0
0      b38 CG_IconCache^0
0      c1d CG_PowerupCache^0
0      d39 CG_TeamCache^0
0      d9c CG_WeaphitsCache^0
0      e23 CG_GibsCache^0
0      ea8 CG_WeapMisc^0
0      fd7 CG_ItemCache^0
0     1015 CG_ModelCache^0
0     108c CG_PlayerCache^0
0     1139 CG_RegisterGraphics^0
0     1193 CG_BuildSpectatorString
0     11e5 CG_RegisterClients^0
0     122c CG_ConfigString
0     1251 CG_StartMusic
0     1285 CG_Init
0     1507 CG_Shutdown
0     150a CG_EventHandling
0     150d CG_SetScoreCatcher
0     159f CG_KeyEvent
0     15bf CG_MouseEvent
0     160a BG_FindItemForRune
0     1643 BG_FindItemForPowerup
0     168a BG_FindItemForHoldable
0     16c6 BG_FindItemForHealth
0     16fd BG_FindItemForAmmo
0     1734 BG_FindItemForWeapon
0     176b BG_FindItem
0     179a BG_PlayerTouchesItem
0     17f4 BG_CanItemBeGrabbed
0     193e BG_EvaluateTrajectory
0     1b78 BG_EvaluateTrajectoryDelta
0     1cd0 BG_AddPredictableEventToPlayerstate
0     1d13 BG_TouchJumpPad
0     1d80 BG_PlayerStateToEntityState
0     1f65 BG_PlayerStateToEntityStateExtraPolate
0     2157 replace_s
0     22db replace1
0     2315 strtok
0     23c3 BG_StripColor
0     241c EncodedString
0     24c9 hex2dec^1
0     254f DecodedString
0     263b BG_stricmp
0     2686 Q_stristr
0     26e7 BG_CleanName
0     27f2 Q_strcpy
0     2822 Q_stradd
0     2855 Q_strlen
0     2874 BigEndian
0     2889 AddInt^1
0     2964 AddFloat^1
0     2a79 AddString^1
0     2b0b ED_vsprintf
0     2cfb BG_sprintf
0     2d18 _atoi^1
0     2d88 _atof^1
0     2e40 _atos^1
0     2ec6 Q_sscanf
0     3005 PM_AddEvent
0     3016 PM_AddTouchEnt
0     306f PM_StartTorsoAnim^2
0     3092 PM_StartLegsAnim^2
0     30bf PM_ContinueLegsAnim^2
0     30df PM_ContinueTorsoAnim^2
0     30ff PM_ForceLegsAnim^2
0     310f PM_ClipVelocity
0     3180 PM_Friction^2
0     32a5 PM_Accelerate^2
0     331f PM_CmdScale^2
0     33c3 PM_SetMovementDir^2
0     34e2 PM_CheckJump^2
0     3571 PM_CheckWaterJump^2
0     3655 PM_WaterJumpMove^2
0     3696 PM_WaterMove^2
0     37cf PM_FlyMove^2
0     385a PM_AirMove^2
0     3903 PM_GrappleMove^2
0     39b1 PM_WalkMove^2
0     3bc5 PM_DeadMove^2
0     3c3c PM_NoclipMove^2
0     3d94 PM_FootstepForSurface^2
0     3dad PM_CrashLand^2
0     3eae PM_CorrectAllSolid^2
0     3f9d PM_GroundTraceMissed^2
0     4036 PM_GroundTrace^2
0     41ab PM_SetWaterLevel^2
0     4280 PM_CheckDuck^2
0     43ce PM_Footsteps^2
0     451a PM_WaterEvents^2
0     455d PM_BeginWeaponChange^2
0     45b6 PM_FinishWeaponChange^2
0     4616 PM_TorsoAnimation^2
0     4635 PM_Weapon^2
0     496a PM_Animate^2
0     498f PM_DropTimers^2
0     4a19 PM_UpdateViewAngles
0     4ac7 PM_LadderMove^2
0     4bf3 CheckLadder^2
0     4c66 PmoveSingle^2
0     4fa2 Pmove
0     5064 PM_SlideMove
0     5450 PM_StepSlideMove
0     55dc CG_GenerateTracemap
0     5f7c BG_LoadTraceMap
0     6366 BG_ClampPointToTracemapExtends^4
0     63b9 BG_GetSkyHeightAtPoint
0     63f6 BG_GetSkyGroundHeightAtPoint
0     6433 BG_GetGroundHeightAtPoint
0     6470 BG_GetTracemapGroundFloor
0     647e BG_GetTracemapGroundCeil
0     648c etpro_FinalizeTracemapClamp
0     64b7 CG_AddPolyToPool^5
0     65c0 CG_AtmosphericKludge
0     6633 CG_SetParticleActive^5
0     664c CG_RainParticleGenerate^5
0     67ba CG_RainParticleCheckVisible^5
0     6865 CG_RainParticleRender^5
0     6bb9 CG_SnowParticleGenerate^5
0     6ccd CG_SnowParticleCheckVisible^5
0     6d72 CG_SnowParticleRender^5
0     6fc7 CG_EffectGust^5
0     704d CG_EffectGustCurrent^5
0     7149 CG_EP_ParseFloats^5
0     71ae CG_EP_ParseInts^5
0     721a CG_EffectParse
0     74fa CG_AddAtmosphericEffects
0     75b6 CG_TargetCommand_f^6
0     75e8 CG_SizeUp_f^6
0     75fe CG_SizeDown_f^6
0     7614 CG_Viewpos_f^6
0     762c CG_ScoresDown_f^6
0     7658 CG_ScoresUp_f^6
0     7675 CG_RunesDown_f^6
0     767b CG_RunesUp_f^6
0     7692 CG_TellTarget_f^6
0     76bd CG_TellAttacker_f^6
0     76e8 CG_StartOrbit_f^6
0     7730 CG_StartCamera
0     7776 CG_Camera_f^6
0     7789 CG_ConsoleCommand
0     77c7 CG_InitConsoleCommands
0     787a CG_DrawField^7
0     79b0 CG_Draw3DModel
0     7a24 CG_Draw3DModelColor
0     7b0f CG_DrawHead
0     7be7 CG_DrawFlagModel
0     7ccd CG_DrawStatusBarHead^7
0     7e25 CG_DrawStatusBarFlag^7
0     7e3e CG_DrawTeamBackground
0     7e81 CG_DrawStatusBar^7
0     8094 CG_DrawAttacker^7
0     814a CG_DrawSpeedMeter^7
0     81a1 CG_DrawSnapshot^7
0     81db CG_DrawFPS^7
0     8268 CG_DrawTimer^7
0     82b8 CG_DrawTeamOverlay^7
0     85d1 CG_DrawUpperRight^7
0     8646 CG_DrawScores^7
0     89ba CG_DrawPowerups^7
0     8c72 CG_DrawLowerRight^7
0     8caa CG_DrawPickupItem^7
0     8d51 CG_DrawLowerLeft^7
0     8d80 CG_DrawTeamInfo^7
0     8eaa CG_DrawHoldableItem^7
0     8ed6 CG_DrawReward^7
0     8fd4 CG_AddLagometerFrameInfo
0     8ff4 CG_AddLagometerSnapshotInfo
0     903b CG_DrawDisconnect^7
0     90af CG_DrawLagometer^7
0     92da CG_CenterPrint
0     9318 CG_DrawCenterString^7
0     93d2 CG_DrawCrosshair^7
0     94a0 CG_ScanForCrosshairEntity^7
0     9508 CG_DrawCrosshairNames^7
0     9568 CG_DrawSpectator^7
0     95bd CG_DrawVote^7
0     9613 CG_DrawTeamVote^7
0     96a6 hud_runes
0     98c7 CG_DrawRunesboard^7
0     998b CG_DrawScoreboard^7
0     9995 CG_DrawIntermission^7
0     99ad CG_DrawFollow^7
0     99f7 CG_DrawAmmoWarning^7
0     9a26 CG_DrawWarmup^7
0     9b88 CG_Draw2D^7
0     9c64 CG_DrawTourneyScoreboard^7
0     9c6a CG_CalculatePing^7
0     9cb1 CG_WarmupEvents^7
0     9d3e CG_WarmupEvent
0     9d69 CG_ApplyClientChange^7
0     9d72 CG_TrackClientTeamChange
0     9e25 CG_DrawActive
0     9e68 CG_Fade
0     9e86 CG_DrawFlashFade
0     9f19 CG_AdjustFrom640
0     9f56 CG_FillRect
0     9f89 CG_FillScreen
0     9fb1 CG_DrawSides
0     a004 CG_DrawTopBottom
0     a057 CG_DrawRect
0     a089 CG_DrawPic
0     a0b1 CG_DrawChar^8
0     a124 CG_DrawStringExt
0     a25c DrawStringLen^8
0     a2a3 CG_DrawString
0     a303 CG_DrawStrlen
0     a346 CG_TileClearBox^8
0     a3a3 CG_TileClear
0     a430 CG_FadeColor
0     a472 CG_FadeColorTime
0     a4b7 CG_TeamColor
0     a4da CG_GetColorForHealth
0     a56f CG_ColorForHealth
0     a584 CG_DrawBannerString2^8
0     a651 CG_DrawBannerString
0     a6fa CG_ProportionalStringWidth
0     a73d CG_DrawProportionalString2^8
0     a813 CG_ProportionalSizeScale
0     a822 CG_DrawProportionalString
0     a987 CG_BlackBars
0     a9a7 CG_BubbleTrail
0     ab40 CG_SmokePuff
0     acd9 CG_SpawnEffect
0     ad7e CG_Lightning_Discharge
0     adcc CG_DamagePlum
0     ae92 CG_ScorePlum
0     af52 CG_MakeExplosion
0     b068 CG_Bleed
0     b0d0 CG_LaunchGib^9
0     b14d CG_GibPlayer
0     b419 CG_GibPlayerHeadshot
0     b481 CG_LaunchExplode
0     b4fe CG_BigExplode
0     b65a CG_PositionEntityOnTag
0     b70e CG_PositionRotatedEntityOnTag
0     b7c4 CG_SetEntitySoundPosition
0     b81d CG_EntityEffects^10
0     b8bc CG_General^10
0     b91f CG_Speaker^10
0     b979 CG_ItemTimer
0     baf9 CG_Item^10
0     bf18 CG_Missile^10
0     c070 CG_Grapple^10
0     c0e3 CG_Mover^10
0     c157 CG_Beam
0     c183 CG_PersonalPortal^10
0     c34c CG_DrawPortals
0     c38f CG_Portal^10
0     c3fc CG_AdjustPositionForMover
0     c4e6 CG_InterpolateEntityPosition^10
0     c5aa CG_CalcEntityLerpPositions^10
0     c641 CG_TeamBase^10
0     c68d CG_LaserSight^10
0     c6d1 CG_AddCEntity^10
0     c77f CG_AddPacketEntities
0     c828 CG_PlaceString
0     c8d6 CG_Obituary^11
0     cc5b CG_UseItem^11
0     cced RateWeapon
0     cd0e CG_ItemPickup^11
0     cd7f CG_WaterLevel
0     ce23 CG_PainEvent
0     cee0 CG_EntityEvent
0     da6e CG_CheckEvents
0     daf2 CG_DrawLoadingIcons^12
0     db65 CG_LoadingString
0     dba4 CG_LoadingItem
0     dbe1 CG_LoadingClient
0     dcda CG_DrawInformation
0     dfad CG_InitLocalEntities
0     dfe1 CG_FreeLocalEntity
0     e011 CG_AllocLocalEntity
0     e053 CG_BloodTrail
0     e0c0 CG_FragmentBounceMark
0     e151 CG_FragmentBounceSound
0     e1a5 CG_ReflectVelocity
0     e28f CG_AddFragment^13
0     e392 CG_AddFadeRGB^13
0     e4aa CG_AddMoveScaleFade^13
0     e598 CG_EmitPolyVerts^13
0     e7b5 CG_AddScaleFade^13
0     e854 CG_AddFallScaleFade^13
0     e908 CG_AddExplosion^13
0     e981 CG_AddSpriteExplosion^13
0     ea4d CG_AddRefEntity^13
0     ea68 CG_AddScorePlum
0     ec8e ChooseDamageColor^13
0     ed53 CG_AddDamagePlum
0     ef16 CG_AddLocalEntities
0     efae CG_InitMarkPolys
0     efe2 CG_FreeMarkPoly
0     f012 CG_AllocMark
0     f06d CG_ImpactMark
0     f354 CG_AddMarks
0     f558 CG_ClearParticles
0     f5f3 CG_AddParticleToScene
0    10d29 CG_AddParticles
0    10f21 CG_ParticleSnowFlurry
0    1108c CG_ParticleSnow
0    111dc CG_ParticleBubble
0    1134f CG_ParticleSmoke
0    11452 CG_ParticleBulletDebris
0    11519 CG_ParticleExplosion
0    11623 CG_AddParticleShrapnel
0    11626 CG_NewParticleArea
0    11767 CG_SnowLink
0    117ac CG_ParticleImpactSmokePuff
0    1188e CG_Particle_Bleed
0    1196d CG_Particle_OilParticle
0    11a72 CG_Particle_OilSlick
0    11ba8 CG_OilSlickRemove
0    11bf2 ValidBloodPool
0    11ce4 CG_BloodPool
0    11dd8 CG_ParticleBloodCloud
0    11f0f CG_ParticleSparks
0    12081 CG_ParticleDust
0    1226f CG_ParticleMisc
0    12314 CG_CustomSound
0    12388 CG_ParseAnimationFile^15
0    127e6 CG_FileExists^15
0    1280c CG_FindClientModelFile^15
0    12992 CG_FindClientHeadFile^15
0    12b32 CG_RegisterClientSkin^15
0    12bfd CG_RegisterClientModelname^15
0    12e6a CG_IsKnownModel^15
0    12fa2 CG_ColorFromChar^15
0    13000 CG_SetColorInfo^15
0    130ba CG_GetTeamColors^15
0    130fa CG_LoadClientInfo
0    132c0 CG_CopyClientInfoModel^15
0    13360 CG_ScanForExistingClientInfo^15
0    133fb CG_SetDeferredClientInfo^15
0    13506 CG_SetSkinAndModel^15
0    138f4 CG_NewClientInfo
0    13bb8 CG_LoadDeferredPlayers
0    13bfb CG_SetLerpFrameAnimation^15
0    13c51 CG_RunLerpFrame^15
0    13e07 CG_ClearLerpFrame^15
0    13e40 CG_PlayerAnimation^15
0    13f03 CG_SwingAngles^15
0    14004 CG_AddPainTwitch^15
0    1404b CG_PlayerAngles^15
0    14224 CG_HasteTrail^15
0    14299 CG_TrailItem^15
0    142fc CG_PlayerFlag^15
0    1449b CG_PlayerPowerups^15
0    145df CG_PlayerFloatSprite^15
0    1462b CG_PlayerSprites^15
0    14700 CG_PlayerShadow^15
0    1478c CG_PlayerSplash^15
0    1487a CG_AddRefEntityWithPowerups
0    14976 CG_LightVerts
0    14aae CG_Player
0    14dc0 CG_ResetPlayerEntity
0    14ea2 CG_CheckAmmo
0    14f21 CG_DamageFeedback
0    15098 CG_Respawn
0    150b2 CG_CheckPlayerstateEvents^16
0    151ae pushReward^16
0    151db CG_CheckLocalSounds
0    154e8 CG_TransitionPlayerState
0    155a2 CG_PB_FindFreePolyBuffer
0    1564d CG_PB_ClearPolyBuffers
0    15659 CG_PB_RenderPolyBuffers
0    1567c CG_BuildSolidList
0    15708 CG_ClipMoveToEntities^18
0    15815 CG_Trace
0    15855 CG_PointContents
0    158cd CG_InterpolatePlayerState^18
0    159f3 CG_StoreEvent
0    15a36 CG_PlayDroppedEvents
0    15acb CG_AddArmor^18
0    15ae7 CG_AddAmmo^18
0    15b2a CG_AddWeapon^18
0    15b67 CG_CheckArmor^18
0    15b9d CG_AddFallDamage
0    15bfe CG_PickupPrediction^18
0    15d90 CG_TouchItem^18
0    15edd CG_TouchTriggerPrediction^18
0    15fb6 CG_CheckTimers^18
0    160b0 CG_IsUnacceptableError^18
0    166c0 CG_PredictPlayerState
0    16a69 CG_DrawClientScore^19
0    16dd9 CG_ScoreboardClick
0    16e59 CG_TeamScoreboard^19
0    16ee7 CG_DrawOldScoreboard
0    1724c CG_DrawOldTourneyScoreboard
0    173bb CG_ParseScores^20
0    175c6 CG_ParseTeamInfo^20
0    17682 CG_ParseServerinfo
0    17775 CG_ParseSysteminfo
0    177e6 CG_ParseWarmup^20
0    17870 CG_SetConfigValues
0    178c9 CG_ShaderStateChanged
0    17975 CG_ConfigStringModified^20
0    17b40 CG_AddToTeamChat^20
0    17ca3 CG_MapRestart^20
0    17cf0 CG_RemoveChatEscapeChar^20
0    17d32 CG_ServerCommand^20
0    17f5b CG_ExecuteNewServerCommands
0    17f86 CG_ResetEntity^21
0    17fc6 CG_TransitionEntity^21
0    17ff3 CG_SetInitialSnapshot
0    1806b CG_TransitionSnapshot^21
0    18155 CG_SetNextSnap^21
0    18260 CG_ReadNextSnapshot^21
0    182ce CG_ProcessSnapshots
0    18380 CG_TestModel_f
0    1840d CG_TestGun_f
0    18419 CG_TestModelNextFrame_f
0    1842f CG_TestModelPrevFrame_f
0    1844c CG_TestModelNextSkin_f
0    18462 CG_TestModelPrevSkin_f
0    1847f CG_AddTestModel^22
0    18504 CG_CalcVrect^22
0    18571 CG_OffsetThirdPersonView^22
0    186dc CG_StepOffset^22
0    186fe CG_OffsetFirstPersonView^22
0    18923 CG_ZoomDown_f
0    18947 CG_ZoomUp_f
0    18954 CG_CalcFov^22
0    18aa4 CG_DamageBlendBlob^22
0    18b82 CG_CalcViewValues^22
0    18ce6 CG_PowerupTimerSounds^22
0    18d38 CG_AddBufferedSound
0    18d78 CG_PlayBufferedSounds^22
0    18dba CG_FirstFrame^22
0    18e0f CG_DrawActiveFrame
0    18f75 CG_SetupFrustum
0    190bb CG_CullPoint
0    19104 CG_CullPointAndRadius
0    19153 CG_MachineGunEjectBrass
0    19346 CG_ShotgunEjectBrass
0    19567 CG_RailTrail
0    198ef CG_RocketTrail
0    199d6 CG_PlasmaTrail
0    19c92 CG_GrappleTrail
0    19d27 CG_GrenadeTrail
0    19d33 CG_RegisterWeapon
0    1a2a6 CG_RegisterItemVisuals
0    1a416 CG_MapTorsoToWeaponFrame^23
0    1a480 CG_CalculateWeaponPosition^23
0    1a563 CG_LightningBolt^23
0    1a73e CG_SpawnRailTrail^23
0    1a776 CG_MachinegunSpinAngle^23
0    1a808 CG_AddWeaponWithPowerups^23
0    1a8cf CG_AddPlayerWeapon
0    1ad84 CG_CenterGun
0    1adc0 CG_AddViewWeapon
0    1afb5 hud_weapons
0    1b0d3 CG_DrawWeaponSelect
0    1b2de CG_WeaponSelectable^23
0    1b303 NextWeapon
0    1b33f PrevWeapon
0    1b388 CG_NextWeapon_f
0    1b3f3 CG_PrevWeapon_f
0    1b45e CG_Weapon_f
0    1b504 CG_OutOfAmmoChange
0    1b540 CG_FireWeapon
0    1b616 CG_MissileHitWall
0    1b8f8 CG_MissileHitPlayer
0    1b928 CG_ShotgunPellet^23
0    1b9ff CG_ShotgunPattern^23
0    1bab0 CG_ShotgunFire
0    1bb6b CG_Tracer
0    1bd76 CG_CalcMuzzlePoint^23
0    1be5c CG_Bullet
0    1bf21 Q_rand
0    1bf36 Q_random
0    1bf48 Q_crandom
0    1bf59 VectorCompare
0    1bf87 VectorLength
0    1bfb8 VectorLengthSquared
0    1bfe2 Distance
0    1c019 DistanceSquared
0    1c05d VectorNormalizeFast
0    1c0b6 VectorInverse
0    1c0da CrossProduct
0    1c133 ClampChar
0    1c14e ClampShort
0    1c169 DirToByte
0    1c1c4 ByteToDir
0    1c1e2 ColorBytes3
0    1c251 ColorBytes4
0    1c2e3 NormalizeColor
0    1c34d PlaneFromPoints
0    1c3e5 RotatePointAroundVector
0    1c4f6 RotateAroundDirection
0    1c532 vectoangles
0    1c5e0 AnglesToAxis
0    1c615 AxisClear
0    1c650 AxisCopy
0    1c672 ProjectPointOnPlane
0    1c729 MakeNormalVectors
0    1c7b8 VectorRotate
0    1c835 Q_rsqrt
0    1c870 Q_fabs
0    1c880 LerpAngle
0    1c8b5 AngleSubtract
0    1c8da AnglesSubtract
0    1c928 AngleMod
0    1c93e AngleNormalize360
0    1c94c AngleNormalize180
0    1c96b AngleDelta
0    1c97b SetPlaneSignbits
0    1c9ac BoxOnPlaneSide
0    1cc89 RadiusFromBounds
0    1cce4 ClearBounds
0    1cd1b AddPointToBounds
0    1cd98 VectorNormalize
0    1ce02 VectorNormalize2
0    1ce7e _VectorMA
0    1cec4 _DotProduct
0    1ceef _VectorSubtract
0    1cf28 _VectorAdd
0    1cf61 _VectorCopy
0    1cf86 _VectorScale
0    1cfb8 Vector4Scale
0    1cff7 Q_log2
0    1d01a MatrixMultiply
0    1d183 AngleVectors
0    1d275 PerpendicularVector
0    1d2d7 Com_Clamp
0    1d2f5 COM_SkipPath
0    1d31d COM_StripExtension
0    1d368 COM_DefaultExtension
0    1d3b4 COM_BeginParseSession
0    1d3c9 COM_GetCurrentParseLine
0    1d3d8 COM_Parse
0    1d3e7 COM_ParseError
0    1d407 COM_ParseWarning
0    1d427 SkipWhitespace^25
0    1d466 COM_Compress
0    1d5b6 COM_ParseExt
0    1d717 COM_MatchToken
0    1d740 SkipBracedSection
0    1d782 SkipRestOfLine
0    1d7bc Com_InitSeparators
0    1d7ce SkipTillSeparators
0    1d811 COM_ParseSep
0    1d999 Com_Split
0    1da83 Parse1DMatrix
0    1dace Parse2DMatrix
0    1db15 Parse3DMatrix
0    1db66 Q_isprint
0    1db7b Q_islower
0    1db90 Q_isupper
0    1dba5 Q_isalpha
0    1dbc2 Q_strrchr
0    1dbf6 Q_strncpyz
0    1dc39 Q_stricmpn
0    1dcc8 Q_strncmp
0    1dd1e Q_stricmp
0    1dd9f Q_strlwr
0    1ddc5 Q_strupr
0    1ddeb Q_strcat
0    1de17 Q_PrintStrlen
0    1de62 Q_CleanStr
0    1dec3 Com_sprintf
0    1def2 va
0    1df21 Q_strkey^25
0    1df60 Info_ValueForKey
0    1e050 Info_NextPair
0    1e0e8 Info_RemoveKey^25
0    1e18e Info_Validate
0    1e1bf Info_ValidateKeyValue
0    1e1f8 Info_SetValueForKey
0    1e2a1 Info_SetValueForKey_Big
0    1e34a swapfunc^26
0    1e3d1 med3^26
0    1e464 qsort
0    1e817 strlen
0    1e832 strcat
0    1e86c strcpy
0    1e898 strcmp
0    1e8d4 strchr
0    1e904 strstr
0    1e952 tolower
0    1e96a toupper
0    1e982 memmove
0    1e9d5 tan
0    1e9ec srand
0    1e9f3 rand
0    1ea09 atof
0    1eaca _atof
0    1eb91 atoi
0    1ec09 abs
0    1ec22 fabs
0   a78aa4 _stackStart
0   a88aa4 _stackEnd
1        4 forceModelModificationCount^0
1        8 enemyModelModificationCount^0
1        c enemyColorsModificationCount^0
1       10 teamModelModificationCount^0
1       14 teamColorsModificationCount^0
1       18 breadcrumbModificationCount^0
1       1c lazyloadModificationCount^0
1       20 intShaderTime
1       24 linearLight
1       50 cg_weaponsCount
1       54 atmosphereModificationCount
1       58 cvarTable^0
1      828 bg_itemlist
1     1bdc bg_numItems
1     1c3c eventnames
1     1e80 pm_stopspeed
1     1e84 pm_duckScale
1     1e88 pm_swimScale
1     1e8c pm_wadeScale
1     1e90 pm_ladderScale
1     1e94 pm_ladderfriction
1     1e98 pm_ladderAccelerate
1     1e9c pm_accelerate
1     1ea0 pm_airaccelerate
1     1ea4 pm_wateraccelerate
1     1ea8 pm_flyaccelerate
1     1eac pm_friction
1     1eb0 pm_waterfriction
1     1eb4 pm_flightfriction
1     1eb8 pm_spectatorfriction
1     1ebc c_pmove
1     1ec0 pm_respawntimer^2
1     1f24 commands^6
1     1fec drawTeamOverlayModificationCount
1     20bc propMap^8
1     26bc propMapB^8
1     2ad0 shaderAnimNames^14
1     2b50 shaderAnimCounts^14
1     2bd0 shaderAnimSTRatio^14
1     2c50 cl_numparticles
1     2c54 initparticles
1     2c58 roll^14
1     2c5c cg_customSoundNames^15
1     2d28 player_stop
1     2d2c black_bars
1     2dd0 vec3_origin
1     2ddc axisDefault
1     2e00 colorBlack
1     2e10 colorRed
1     2e20 colorGreen
1     2e30 colorBlue
1     2e40 colorYellow
1     2e50 colorMagenta
1     2e60 colorCyan
1     2e70 colorWhite
1     2e80 colorLtGrey
1     2e90 colorMdGrey
1     2ea0 colorDkGrey
1     2eb0 g_color_table
1     2f30 bytedirs
1     36f0 randSeed^26
2     5c44 locase
3      800 cg_lazyLoad
3      910 cg_breadCrumb
3      a20 cg_developer
3      b30 cgwp_grapplePull
3      c40 cgwp_grappleEnable
3      d50 cgwp_grappleCycle
3      e60 cgwp_bfgCycle
3      f70 cgwp_railCycle
3     1080 cgwp_plasmaCycle
3     1190 cgwp_rocketCycle
3     12a0 cgwp_grenadeCycle
3     13b0 cgwp_machineCycle
3     14c0 cgwp_shotgunCycle
3     15d0 cgwp_lightCycle
3     16e0 cgwp_gauntCycle
3     17f0 cg_hudFiles
3     1900 trap_GetValue
3     1904 trap_R_AddLinearLightToScene
3     1908 trap_R_AddRefEntityToScene2
3     190c cg_atmosphericEffects
3     1a1c cg_atmosphere
3     1b2c cg_gunCenter
3     1c3c cg_weaponOrder
3     1d4c cg_altGrapple
3     1e5c cg_altPortal
3     1f6c cgwp_portalEnable
3     207c cg_wallWalk
3     218c cg_gravity
3     229c cg_jumpVelocity
3     23ac cg_hasteFactor
3     24bc cg_followKiller
3     25cc cg_fovAdjust
3     26dc cg_deadBodyDarken
3     27ec cg_teamColors
3     28fc cg_teamModel
3     2a0c cg_enemyColors
3     2b1c cg_enemyModel
3     2c2c cg_hitSounds
3     2d3c cg_trueLightning
3     2e4c cg_oldPlasma
3     2f5c cg_oldRocket
3     306c cg_oldRail
3     317c cg_noProjectileTrail
3     328c cg_noTaunt
3     339c cg_bigFont
3     34ac cg_smallFont
3     35bc cg_cameraMode
3     36cc cg_timescale
3     37dc cg_timescaleFadeSpeed
3     38ec cg_timescaleFadeEnd
3     39fc cg_cameraOrbitDelay
3     3b0c cg_cameraOrbit
3     3c1c cg_smoothClients
3     3d2c cg_itemTimer
3     3e3c cg_damagePlum
3     3f4c cg_scorePlum
3     405c cg_teamChatsOnly
3     416c cg_drawFriend
3     427c cg_deferPlayers
3     438c cg_predictItems
3     449c cg_blood
3     45ac cg_paused
3     46bc cg_buildScript
3     47cc cg_forceModel
3     48dc cg_stats
3     49ec cg_teamChatHeight
3     4afc cg_teamChatTime
3     4c0c cg_drawSpeed
3     4d1c cg_drawAttacker
3     4e2c cg_lagometer
3     4f3c cg_thirdPerson
3     504c cg_thirdPersonAngle
3     515c cg_thirdPersonRange
3     526c cg_zoomFov
3     537c cg_fov
3     548c cg_simpleItems
3     559c cg_ignore
3     56ac cg_autoswitch
3     57bc cg_tracerLength
3     58cc cg_tracerWidth
3     59dc cg_tracerChance
3     5aec cg_viewsize
3     5bfc cg_drawGun
3     5d0c cg_gun_z
3     5e1c cg_gun_y
3     5f2c cg_gun_x
3     603c cg_gun_frame
3     614c cg_brassTime
3     625c cg_addMarks
3     636c cg_footsteps
3     647c cg_showmiss
3     658c cg_noPlayerAnims
3     669c cg_nopredict
3     67ac cg_errorDecay
3     68bc cg_railTrailRadius
3     69cc cg_railTrailTime
3     6adc cg_debugEvents
3     6bec cg_debugPosition
3     6cfc cg_debugAnim
3     6e0c cg_animSpeed
3     6f1c cg_draw2D
3     702c cg_drawStatus
3     713c cg_crosshairHealth
3     724c cg_crosshairSize
3     735c cg_crosshairY
3     746c cg_crosshairX
3     757c cg_drawWeaponSelect
3     768c cg_teamOverlayUserinfo
3     779c cg_drawTeamOverlay
3     78ac cg_drawRewards
3     79bc cg_drawCrosshairNames
3     7acc cg_drawCrosshair
3     7bdc cg_drawAmmoWarning
3     7cec cg_drawIcons
3     7dfc cg_draw3dIcons
3     7f0c cg_drawSnapshot
3     801c cg_drawFPS
3     812c cg_drawTimer
3     823c cg_gibs
3     834c cg_shadows
3     845c cg_swingSpeed
3     856c cg_bobroll
3     867c cg_bobpitch
3     878c cg_bobup
3     889c cg_runroll
3     89ac cg_runpitch
3     8abc cg_centertime
3     8bcc cg_items
3     b3cc cg_weapons
3     c8cc cg_entities
3   1c78cc cg
3   1ec370 cgs
3   218cc4 destinationsAngles
3   218cc8 destinations
3   218ccc portalsAngles
3   218cd0 portals
3   218cd4 items
3   218cd8 pml
3   218d68 pm
3   218d6c one_over_mapgrid_factor^4
3   218d74 tracemap^4
3   2d8d90 cg_atmFx^5
3   31b4b4 kludgeResult^5
3   31b4b8 kludgeChecked^5
3   31b4d8 lagometer
3   31bae0 teamChat2
3   31bbe0 teamChat1
3   31bce0 systemChat
3   31bde0 numSortedTeamPlayers
3   31bde4 sortedTeamPlayers
3   31bedc loadingItemIcons^12
3   31bf44 loadingPlayerIcons^12
3   31bf84 loadingItemIconCount^12
3   31bf88 loadingPlayerIconCount^12
3   31bf8c cg_freeLocalEntities
3   31bf90 cg_activeLocalEntities
3   31c0b4 cg_localEntities
3   3ae0b4 oldtime
3   3ae0b8 rup
3   3ae0c4 rright
3   3ae0d0 rforward
3   3ae0dc pvup
3   3ae0e8 pvright
3   3ae0f4 pvforward
3   3ae100 particles
3   3cd100 free_particles
3   3cd104 active_particles
3   3cd108 numShaderAnims^14
3   3cd10c shaderAnims^14
3   3cf10c markTotal^14
3   3cf110 cg_freeMarkPolys
3   3cf114 cg_activeMarkPolys
3   3cf234 cg_markPolys
3   3e123c cg_polyBuffersInuse
3   3e143c cg_polyBuffers
3   a61a3c eventParm2
3   a61a7c eventParms
3   a61abc events
3   a61afc eventStack
3   a61b00 cg_triggerEntities^18
3   a61f00 cg_numTriggerEntities^18
3   a61f04 cg_solidEntities^18
3   a62304 cg_numSolidEntities^18
3   a62308 cg_pmove^18
3   a623e8 localClient^19
3   a623ec frustum^22
3   a6242c weaponRawOrder
3   a62458 weaponOrder
3   a77e9c is_separator^25
3   a7829c com_tokenline^25
3   a782a0 com_lines^25
3   a782a4 com_parsename^25
3   a786a4 com_token^25
