0 ffffff93 ceil
0 ffffff94 floor
0 ffffff95 sqrt
0 ffffff96 atan2
0 ffffff97 cos
0 ffffff98 sin
0 ffffff99 strncpy
0 ffffff9a memcpy
0 ffffff9b memset
0 ffffffa8 trap_SetPbClStatus
0 ffffffa9 trap_FS_Seek
0 ffffffaa trap_LAN_CompareServers
0 ffffffab trap_LAN_ServerIsVisible
0 ffffffac trap_LAN_GetServerPing
0 ffffffad trap_LAN_ServerStatus
0 ffffffae trap_VerifyCDKey
0 ffffffaf trap_R_RemapShader
0 ffffffb0 trap_CIN_SetExtents
0 ffffffb1 trap_CIN_DrawCinematic
0 ffffffb2 trap_CIN_RunCinematic
0 ffffffb3 trap_CIN_StopCinematic
0 ffffffb4 trap_CIN_PlayCinematic
0 ffffffb5 trap_LAN_RemoveServer
0 ffffffb6 trap_LAN_AddServer
0 ffffffb7 trap_LAN_SaveCachedServers
0 ffffffb8 trap_LAN_LoadCachedServers
0 ffffffb9 trap_LAN_ResetPings
0 ffffffba trap_LAN_UpdateVisiblePings
0 ffffffbb trap_LAN_MarkServerVisible
0 ffffffbc trap_LAN_GetServerInfo
0 ffffffbd trap_LAN_GetServerAddressString
0 ffffffbe trap_LAN_GetServerCount
0 ffffffbf trap_RealTime
0 ffffffc0 trap_S_StartBackgroundTrack
0 ffffffc1 trap_S_StopBackgroundTrack
0 ffffffc2 trap_PC_SourceFileAndLine
0 ffffffc3 trap_PC_ReadToken
0 ffffffc4 trap_PC_FreeSource
0 ffffffc5 trap_PC_LoadSource
0 ffffffc6 trap_PC_AddGlobalDefine
0 ffffffc7 trap_R_ModelBounds
0 ffffffc8 trap_R_RegisterFont
0 ffffffc9 trap_SetCDKey
0 ffffffca trap_GetCDKey
0 ffffffcb trap_MemoryRemaining
0 ffffffcc trap_Cvar_Update
0 ffffffcd trap_Cvar_Register
0 ffffffce trap_LAN_GetPingInfo
0 ffffffcf trap_LAN_GetPing
0 ffffffd0 trap_LAN_ClearPing
0 ffffffd1 trap_LAN_GetPingQueueCount
0 ffffffd2 trap_GetConfigString
0 ffffffd3 trap_GetClientState
0 ffffffd4 trap_GetGlconfig
0 ffffffd5 trap_GetClipboardData
0 ffffffd6 trap_Key_SetCatcher
0 ffffffd7 trap_Key_GetCatcher
0 ffffffd8 trap_Key_ClearStates
0 ffffffd9 trap_Key_SetOverstrikeMode
0 ffffffda trap_Key_GetOverstrikeMode
0 ffffffdb trap_Key_IsDown
0 ffffffdc trap_Key_SetBinding
0 ffffffdd trap_Key_GetBindingBuf
0 ffffffde trap_Key_KeynumToStringBuf
0 ffffffdf trap_S_StartLocalSound
0 ffffffe0 trap_S_RegisterSound
0 ffffffe1 trap_CM_LoadModel
0 ffffffe2 trap_CM_LerpTag
0 ffffffe3 trap_UpdateScreen
0 ffffffe4 trap_R_DrawStretchPic
0 ffffffe5 trap_R_SetColor
0 ffffffe6 trap_R_RenderScene
0 ffffffe7 trap_R_AddLightToScene
0 ffffffe8 trap_R_AddPolyToScene
0 ffffffe9 trap_R_AddRefEntityToScene
0 ffffffea trap_R_ClearScene
0 ffffffeb trap_R_RegisterShaderNoMip
0 ffffffec trap_R_RegisterSkin
0 ffffffed trap_R_RegisterModel
0 ffffffee trap_FS_GetFileList
0 ffffffef trap_FS_FCloseFile
0 fffffff0 trap_FS_Write
0 fffffff1 trap_FS_Read
0 fffffff2 trap_FS_FOpenFile
0 fffffff3 trap_Cmd_ExecuteText
0 fffffff4 trap_Argv
0 fffffff5 trap_Argc
0 fffffff6 trap_Cvar_InfoStringBuffer
0 fffffff7 trap_Cvar_Create
0 fffffff8 trap_Cvar_Reset
0 fffffff9 trap_Cvar_SetValue
0 fffffffa trap_Cvar_VariableStringBuffer
0 fffffffb trap_Cvar_VariableValue
0 fffffffc trap_Cvar_Set
0 fffffffd trap_Milliseconds
0 fffffffe trap_Print
0 ffffffff trap_Error
0        0 vmMain
0       7c UI_RegisterCvars
0       b9 UI_UpdateCvars
0       dc UI_VideoCheck
0      172 UI_AddBotsMenu_FightEvent^1
0      1b4 UI_AddBotsMenu_BotEvent^1
0      1d6 UI_AddBotsMenu_BackEvent^1
0      1e2 UI_AddBotsMenu_SetBotNames^1
0      21d UI_AddBotsMenu_UpEvent^1
0      238 UI_AddBotsMenu_DownEvent^1
0      256 UI_AddBotsMenu_SortCompare^1
0      2a0 UI_AddBotsMenu_GetSortedBotNums^1
0      2c8 UI_AddBotsMenu_Draw^1
0      2ea UI_AddBotsMenu_Init^1
0      4d4 UI_AddBots_Cache
0      4ff UI_AddBotsMenu
0      50a Com_Error
0      523 Com_Printf
0      53c Com_DPrintf
0      559 UI_ClampCvar
0      577 UI_StartDemoLoop
0      581 FilterBreadCrumb
0      5ff UI_GetBreadCrumb
0      643 UI_SetBreadCrumb
0      665 UI_PushMenu
0      707 UI_PopMenu
0      73e UI_ForceMenuOff
0      75d UI_LerpColor
0      7ca UI_DrawBannerString2^2
0      897 UI_DrawBannerString
0      940 UI_ProportionalStringWidth
0      983 UI_DrawProportionalString2^2
0      a57 UI_ProportionalSizeScale
0      a66 UI_DrawProportionalString
0      bcb UI_DrawProportionalString_AutoWrapped
0      cc7 UI_DrawString2^2
0      db1 UI_DrawString
0      ec7 UI_DrawChar
0      ee2 UI_IsFullscreen
0      efd NeedCDAction^2
0      f0b NeedCDKeyAction^2
0      f19 UI_SetActiveMenu
0      f67 UI_KeyEvent
0      fb7 UI_MouseEvent
0     10d1 UI_Argv
0     10e0 UI_Cvar_VariableString
0     10ef UI_Cache_f
0     1149 UI_ConsoleCommand
0     120a UI_Shutdown
0     120d UI_Init
0     1228 UI_AdjustFrom640
0     1265 UI_DrawNamedPic
0     1298 UI_DrawHandlePic
0     12f2 UI_DrawCursor^2
0     131a UI_FillRect
0     134d UI_DrawRect
0     13d4 UI_SetColor
0     13dd UI_UpdateScreen
0     13e3 UI_Refresh
0     14ce UI_DrawTextBox
0     1513 UI_CursorInRect
0     1542 UI_CDKeyMenu_Event^3
0     156e UI_CDKeyMenu_PreValidateKey^3
0     15c7 UI_CDKeyMenu_DrawKey^3
0     169a UI_CDKeyMenu_Init^3
0     1771 UI_CDKeyMenu_Cache
0     178d UI_CDKeyMenu
0     1798 UI_CDKeyMenu_f
0     179e UI_CinematicsMenu_BackEvent^4
0     17aa UI_CinematicsMenu_Event^4
0     17f7 UI_CinematicsMenu_Init^4
0     1acd UI_CinematicsMenu_Cache
0     1ae4 UI_CinematicsMenu
0     1aef UI_CinematicsMenu_f
0     1b13 ConfirmMenu_Event^5
0     1b39 ConfirmMenu_Key^5
0     1b93 MessageMenu_Draw^5
0     1be4 ConfirmMenu_Draw^5
0     1c1e ConfirmMenu_Cache
0     1c26 UI_ConfirmMenu_Style
0     1ced UI_ConfirmMenu
0     1cfe UI_Message
0     1d6f UI_ReadableSize^6
0     1e1a UI_PrintTime^6
0     1e6d UI_DisplayDownloadInfo^6
0     20bb UI_DrawConnectScreen
0     21cc UI_KeyConnect
0     21da Controls_InitCvars^7
0     222a Controls_GetCvarDefault^7
0     2265 Controls_GetCvarValue^7
0     22a0 Controls_UpdateModel^7
0     238e Controls_Update^7
0     2590 Controls_DrawKeyBinding^7
0     2723 Controls_StatusBar^7
0     2733 Controls_DrawPlayer^7
0     2788 Controls_GetKeyAssignment^7
0     27e6 Controls_GetConfig^7
0     28cb Controls_SetConfig^7
0     2988 Controls_SetDefaults^7
0     2a1d Controls_MenuKey^7
0     2b9a Controls_ResetDefaults_Action^7
0     2bac Controls_ResetDefaults_Draw^7
0     2bc9 Controls_MenuEvent^7
0     2c5e Controls_ActionEvent^7
0     2c8e Controls_InitModel^7
0     2cad Controls_InitWeapons^7
0     2cd2 Controls_MenuInit^7
0     321d Controls_Cache
0     3234 UI_ControlsMenu
0     323f UI_CreditMenu_Key^8
0     3255 UI_CreditMenu_Draw^8
0     3409 UI_CreditMenu
0     3423 Demos_DrawFilter^9
0     350c UI_DemosSavePosition^9
0     3525 UI_DemosRestorePosition^9
0     353e UI_DemosReadDir^9
0     36aa UI_UpdateDirectory^9
0     3738 UI_DemoClick^9
0     37c7 Demos_MenuEvent^9
0     382d UI_DemosDblclick^9
0     3833 UI_DemosMenu_Key^9
0     3893 UI_cstrdiff
0     38da UI_cstricmp
0     399d compare_entries^9
0     39dd UI_demosort^9
0     3aa0 UI_DemosFillList^9
0     3c52 Demos_MenuInit^9
0     3e15 Demos_Cache
0     3e3b UI_DemosMenu
0     3e46 UI_DisplayOptionsMenu_Event^10
0     3e99 UI_DisplayOptionsMenu_Init^10
0     4025 UI_DisplayOptionsMenu_Cache
0     403c UI_DisplayOptionsMenu
0     404e UI_Alloc
0     407c UI_InitMemory
0     4085 UI_ParseInfos
0     417b UI_LoadArenasFromFile^11
0     41fb UI_LoadArenas
0     4408 UI_GetArenaInfoByNumber
0     446b UI_GetArenaInfoByMap
0     44aa UI_GetSpecialArenaInfo
0     44e9 UI_LoadBotsFromFile^11
0     4572 UI_LoadBots
0     45f8 UI_GetBotInfoByNumber
0     4623 UI_GetBotInfoByName
0     4666 UI_GetBestScore
0     46ec UI_SetBestScore
0     4773 UI_LogAwardData
0     47d6 UI_GetAwardLevel
0     4800 UI_TierCompleted
0     4897 UI_ShowTierVideo
0     48e9 UI_CanShowTierVideo
0     4932 UI_GetCurrentGame
0     49c5 UI_NewGame
0     49f9 UI_GetNumArenas
0     49ff UI_GetNumSPArenas
0     4a05 UI_GetNumSPTiers
0     4a0d UI_GetNumBots
0     4a13 UI_SPUnlock_f
0     4a69 UI_SPUnlockMedals_f
0     4aa3 UI_InitGameinfo
0     4ac9 InGame_RestartAction^12
0     4adc InGame_QuitAction^12
0     4aeb InGame_Event
0     4b4b InGame_MenuInit
0     4dc7 InGame_Cache
0     4dcf UI_InGameMenu
0     4de3 LoadConfig_MenuEvent^13
0     4e34 LoadConfig_MenuInit^13
0     4fed UI_LoadConfig_Cache
0     501d UI_LoadConfigMenu
0     5028 MainMenu_ExitAction^14
0     5037 Main_MenuEvent
0     508e MainMenu_Cache
0     509e ErrorMessage_Key
0     50ae Main_MenuDraw^14
0     51a4 UI_TeamArenaExists^14
0     5204 UI_MainMenu
0     53ed MField_Draw
0     5517 MField_Paste
0     554c MField_KeyDownEvent
0     56a1 MField_CharEvent
0     5802 MField_Clear
0     5819 MenuField_Init
0     5898 MenuField_Draw
0     597b MenuField_Key
0     5a4d UI_Mods_MenuEvent^16
0     5a83 UI_Mods_ParseInfos^16
0     5aed UI_Mods_LoadMods^16
0     5b74 UI_Mods_MenuInit^16
0     5c49 UI_ModsMenu_Cache
0     5c6a UI_ModsMenu
0     5c75 UI_NetworkOptionsMenu_Event^17
0     5cf1 UI_NetworkOptionsMenu_Init^17
0     5e5c UI_NetworkOptionsMenu_Cache
0     5e73 UI_NetworkOptionsMenu
0     5e85 Options_Event^18
0     5ebc SystemConfig_Cache
0     5ed3 Options_MenuInit
0     6010 UI_SystemConfigMenu
0     601b PlayerModel_UpdateGrid^19
0     611f PlayerModel_UpdateModel^19
0     6155 PlayerModel_SaveChanges^19
0     6166 PlayerModel_MenuEvent^19
0     61b5 PlayerModel_MenuKey^19
0     62ca PlayerModel_PicEvent^19
0     63c5 PlayerModel_DrawPlayer^19
0     6419 PlayerModel_BuildList^19
0     6546 PlayerModel_SetMenuItems^19
0     6610 PlayerModel_MenuInit^19
0     68b0 PlayerModel_Cache
0     68ef UI_PlayerModelMenu
0     6908 UI_PlayerInfo_SetWeapon^20
0     6ac7 UI_ForceLegsAnim^20
0     6ae9 UI_SetLegsAnim^20
0     6b0d UI_ForceTorsoAnim^20
0     6b41 UI_SetTorsoAnim^20
0     6b65 UI_TorsoSequencing^20
0     6be7 UI_LegsSequencing^20
0     6c3c UI_PositionEntityOnTag^20
0     6cf0 UI_PositionRotatedEntityOnTag^20
0     6da6 UI_SetLerpFrameAnimation^20
0     6df7 UI_RunLerpFrame^20
0     6f20 UI_PlayerAnimation^20
0     6fdc UI_SwingAngles^20
0     70dd UI_MovedirAdjustment^20
0     7188 UI_PlayerAngles^20
0     7286 UI_PlayerFloatSprite^20
0     72ae UI_MachinegunSpinAngle^20
0     7346 UI_DrawPlayer
0     7694 UI_RegisterClientSkin^20
0     7712 UI_ParseAnimationFile^20
0     797c UI_RegisterClientModelname
0     7a9a UI_PlayerInfo_SetModel
0     7af2 UI_PlayerInfo_SetInfo
0     7cdc PlayerSettings_DrawName^21
0     7e0e PlayerSettings_DrawHandicap^21
0     7e7b PlayerSettings_DrawEffects^21
0     7f39 PlayerSettings_DrawPlayer^21
0     7fa3 PlayerSettings_SaveChanges^21
0     7fc5 PlayerSettings_MenuKey^21
0     7fe3 PlayerSettings_SetMenuItems^21
0     8061 PlayerSettings_MenuEvent^21
0     80a4 PlayerSettings_Reinit^21
0     80cb PlayerSettings_MenuInit^21
0     8255 PlayerSettings_Cache
0     828a UI_PlayerSettingsMenu
0     8295 Preferences_SetMenuItems^22
0     8381 Preferences_Event^22
0     844d Crosshair_Draw^22
0     8536 Preferences_MenuInit^22
0     876e Preferences_Cache
0     87ad UI_PreferencesMenu
0     87b8 Text_Init^23
0     87c9 Text_Draw^23
0     882e BText_Init^23
0     883f BText_Draw^23
0     8881 PText_Init^23
0     8912 PText_Draw^23
0     897e Bitmap_Init
0     8a05 Bitmap_Draw
0     8be1 Action_Init^23
0     8c31 Action_Draw^23
0     8cd3 RadioButton_Init^23
0     8d27 RadioButton_Key^23
0     8dbd RadioButton_Draw^23
0     8ece Slider_Init^23
0     8f22 Slider_Key^23
0     9026 Slider_Draw^23
0     912b SpinControl_Init^23
0     91ce SpinControl_Key^23
0     9289 SpinControl_Draw^23
0     936b ScrollList_Init^23
0     941f ScrollList_Key
0     9b49 ScrollList_Draw
0     9c52 Menu_AddItem
0     9d44 Menu_CursorMoved
0     9dc9 Menu_SetCursor
0     9df6 Menu_SetCursorToItem
0     9e2c Menu_AdjustCursor
0     9ed5 Menu_Draw
0     a01b Menu_ItemAtCursor
0     a043 Menu_ActivateItem
0     a06d Menu_DefaultKey
0     a249 Menu_Cache
0     a32c UI_RemoveBotsMenu_SetBotNames^24
0     a37b UI_RemoveBotsMenu_DeleteEvent^24
0     a39d UI_RemoveBotsMenu_BotEvent^24
0     a3bf UI_RemoveBotsMenu_BackEvent^24
0     a3cb UI_RemoveBotsMenu_UpEvent^24
0     a3e6 UI_RemoveBotsMenu_DownEvent^24
0     a404 UI_RemoveBotsMenu_GetBots^24
0     a46f UI_RemoveBots_Cache
0     a48b UI_RemoveBotsMenu_Init^24
0     a625 UI_RemoveBotsMenu
0     a630 UI_SaveConfigMenu_BackEvent^25
0     a63c UI_SaveConfigMenu_SaveEvent^25
0     a668 UI_SaveConfigMenu_SavenameDraw^25
0     a6cd UI_SaveConfigMenu_Init^25
0     a789 UI_SaveConfigMenu_Cache
0     a7a5 UI_SaveConfigMenu
0     a7b0 Favorites_Add
0     a822 ServerInfo_Event^26
0     a84d ServerInfo_MenuKey^26
0     a85c ServerInfo_Cache
0     a880 UI_ServerInfoMenu
0     aa24 ArenaServers_DrawFilter^27
0     ab27 ArenaServers_MaxPing^27
0     ab3f ArenaServers_Compare^27
0     ac47 ArenaServers_Go^27
0     ac68 ArenaServers_Dblclick^27
0     ac6e ArenaServers_UpdatePicture^27
0     ac97 ArenaServers_UpdateList^27
0     adce ArenaServers_UpdateMenu^27
0     aef0 ArenaServers_Remove^27
0     afb7 UI_CleanStr^27
0     b074 ArenaServers_Insert^27
0     b259 ArenaServers_LoadFavorites
0     b32d ArenaServers_StopRefresh^27
0     b358 ArenaServers_DoRefresh^27
0     b510 ArenaServers_StartRefresh^27
0     b5c2 ArenaServers_SaveChanges
0     b60c ArenaServers_Sort
0     b628 ArenaServers_SetType
0     b6ac ArenaServers_Event^27
0     b7a3 ArenaServers_MenuDraw^27
0     b7b2 ArenaServers_MenuKey^27
0     b821 ArenaServers_MenuInit^27
0     bbc4 ArenaServers_Cache
0     bc0d UI_ArenaServersMenu
0     bc18 Setup_ResetDefaults_Action^28
0     bc36 Setup_ResetDefaults_Draw^28
0     bc53 UI_SetupMenu_Event^28
0     bc9a UI_SetupMenu_Init^28
0     be2c UI_SetupMenu_Cache
0     be43 UI_SetupMenu
0     be4e UI_SoundOptionsMenu_Event^29
0     becf UI_SoundOptionsMenu_Init^29
0     c088 UI_SoundOptionsMenu_Cache
0     c09f UI_SoundOptionsMenu
0     c0b1 UI_SPArena_Start
0     c145 SpecifyServer_Event^31
0     c19f SpecifyServer_MenuInit
0     c292 SpecifyServer_Cache
0     c2b6 UI_SpecifyServerMenu
0     c2c1 PlayerIcon^32
0     c326 PlayerIconHandle^32
0     c33c UI_SPLevelMenu_SetBots^32
0     c41b UI_SPLevelMenu_SetMenuArena^32
0     c4dc UI_SPLevelMenu_SetMenuItems^32
0     c6a1 UI_SPLevelMenu_ResetDraw^32
0     c6d8 UI_SPLevelMenu_ResetAction^32
0     c6f1 UI_SPLevelMenu_ResetEvent^32
0     c703 UI_SPLevelMenu_LevelEvent^32
0     c74b UI_SPLevelMenu_LeftArrowEvent^32
0     c769 UI_SPLevelMenu_RightArrowEvent^32
0     c787 UI_SPLevelMenu_PlayerEvent^32
0     c793 UI_SPLevelMenu_AwardEvent^32
0     c7b2 UI_SPLevelMenu_NextEvent^32
0     c7cf UI_SPLevelMenu_BackEvent^32
0     c7e2 UI_SPLevelMenu_CustomEvent^32
0     c7f0 UI_SPLevelMenu_MenuDraw^32
0     caeb UI_SPLevelMenu_Cache
0     cbc0 UI_SPLevelMenu_Init^32
0     cef2 UI_SPLevelMenu
0     cf9f UI_SPLevelMenu_f
0     cfad UI_SPLevelMenu_ReInit
0     cfb3 UI_SPPostgameMenu_AgainEvent^33
0     cfc6 UI_SPPostgameMenu_NextEvent^33
0     d026 UI_SPPostgameMenu_MenuEvent^33
0     d039 UI_SPPostgameMenu_MenuKey^33
0     d092 UI_SPPostgameMenu_DrawAwardsMedals^33
0     d115 UI_SPPostgameMenu_DrawAwardsPresentation^33
0     d18c UI_SPPostgameMenu_MenuDrawScoreLine^33
0     d219 UI_SPPostgameMenu_MenuDraw^33
0     d3a1 UI_SPPostgameMenu_Cache
0     d40b UI_SPPostgameMenu_Init^33
0     d48f Prepname^33
0     d4f2 UI_SPPostgameMenu_f
0     d82a SetSkillColor^34
0     d85d UI_SPSkillMenu_SkillEvent^34
0     d8b4 UI_SPSkillMenu_FightEvent^34
0     d8c3 UI_SPSkillMenu_BackEvent^34
0     d8d7 UI_SPSkillMenu_Key^34
0     d8fa UI_SPSkillMenu_Cache
0     d960 UI_SPSkillMenu_Init^34
0     daed UI_SPSkillMenu
0     db03 GametypeBits^35
0     db8f StartServer_Update^35
0     dcf8 StartServer_MapEvent^35
0     dd12 StartServer_GametypeEvent^35
0     dda4 StartServer_MenuEvent^35
0     de08 StartServer_LevelshotDraw^35
0     df64 StartServer_MenuInit^35
0     e1e3 StartServer_Cache
0     e278 UI_StartServerMenu
0     e287 BotAlreadySelected^35
0     e2d3 ServerOptions_Start^35
0     e506 ServerOptions_InitPlayerItems^35
0     e5b4 ServerOptions_SetPlayerItems^35
0     e650 ServerOptions_Event^35
0     e694 ServerOptions_PlayerNameEvent^35
0     e6b2 ServerOptions_StatusBar^35
0     e6cb ServerOptions_LevelshotDraw^35
0     e758 ServerOptions_InitBotNames^35
0     e8a9 ServerOptions_SetMenuItems^35
0     ea57 PlayerName_Draw^35
0     eb30 ServerOptions_MenuInit^35
0     ef02 ServerOptions_Cache
0     ef23 UI_ServerOptionsMenu^35
0     ef31 UI_BotSelectMenu_SortCompare^35
0     ef7b UI_BotSelectMenu_BuildList^35
0     efc5 ServerPlayerIcon^35
0     f02a UI_BotSelectMenu_UpdateGrid^35
0     f19a UI_BotSelectMenu_Default^35
0     f20d UI_BotSelectMenu_LeftEvent^35
0     f22e UI_BotSelectMenu_RightEvent^35
0     f252 UI_BotSelectMenu_BotEvent^35
0     f2b8 UI_BotSelectMenu_BackEvent^35
0     f2c4 UI_BotSelectMenu_SelectEvent^35
0     f2e3 UI_BotSelectMenu_Cache
0     f313 UI_BotSelectMenu_Init^35
0     f56a UI_BotSelectMenu
0     f578 TeamMain_MenuEvent^36
0     f5c6 TeamMain_MenuInit
0     f6fb TeamMain_Cache
0     f703 UI_TeamMainMenu
0     f70e UI_TeamOrdersMenu_BackEvent^37
0     f71a UI_TeamOrdersMenu_SetList^37
0     f75b UI_TeamOrdersMenu_Key
0     f87d UI_TeamOrdersMenu_ListDraw^37
0     f8f7 UI_TeamOrdersMenu_ListEvent^37
0     f971 UI_TeamOrdersMenu_BuildBotList^37
0     fa58 UI_TeamOrdersMenu_Init^37
0     faef UI_TeamOrdersMenu_Cache
0     fb01 UI_TeamOrdersMenu
0     fb0c UI_TeamOrdersMenu_f
0     fb56 DriverInfo_Event^38
0     fb6f DriverInfo_MenuDraw^38
0     fc43 DriverInfo_Cache
0     fc67 UI_DriverInfo_Menu^38
0     fd9d GraphicsOptions_GetInitialVideo^38
0     fdc5 GraphicsOptions_CheckConfig^38
0     fe35 GraphicsOptions_UpdateMenuItems^38
0     ff01 GraphicsOptions_ApplyChanges^38
0     fffa GraphicsOptions_Event^38
0    1007b GraphicsOptions_TQEvent^38
0    1008c GraphicsOptions_MenuDraw
0    10097 GraphicsOptions_SetMenuItems^38
0    1018f GraphicsOptions_MenuInit
0    1044b GraphicsOptions_Cache
0    1046c UI_GraphicsOptionsMenu
0    1047e swapfunc^39
0    10505 med3^39
0    10598 qsort
0    1094b strlen
0    10966 strcat
0    109a0 strcpy
0    109cc strcmp
0    10a08 strchr
0    10a38 strstr
0    10a86 tolower
0    10a9e toupper
0    10ab6 memmove
0    10b09 tan
0    10b20 srand
0    10b27 rand
0    10b3d atof
0    10bfe _atof
0    10cc5 atoi
0    10d3d abs
0    10d56 fabs
0    10d6f BG_FindItemForRune
0    10da8 BG_FindItemForPowerup
0    10def BG_FindItemForHoldable
0    10e2b BG_FindItemForHealth
0    10e62 BG_FindItemForAmmo
0    10e99 BG_FindItemForWeapon
0    10ed0 BG_FindItem
0    10eff BG_PlayerTouchesItem
0    10f59 BG_CanItemBeGrabbed
0    110a3 BG_EvaluateTrajectory
0    112da BG_EvaluateTrajectoryDelta
0    11431 BG_AddPredictableEventToPlayerstate
0    11468 BG_TouchJumpPad
0    114d5 BG_PlayerStateToEntityState
0    116ba BG_PlayerStateToEntityStateExtraPolate
0    118ac replace_s
0    11a30 replace1
0    11a6a strtok
0    11b18 BG_StripColor
0    11b71 EncodedString
0    11c1e hex2dec^40
0    11ca4 DecodedString
0    11d90 BG_stricmp
0    11ddb Q_stristr
0    11e3c BG_CleanName
0    11f47 Q_strcpy
0    11f77 Q_stradd
0    11faa Q_strlen
0    11fc9 BigEndian
0    11fde AddInt^40
0    120b9 AddFloat^40
0    121ce AddString^40
0    12260 ED_vsprintf
0    12450 BG_sprintf
0    1246d _atoi^40
0    124dd _atof^40
0    12595 _atos^40
0    1261b Q_sscanf
0    1275a Q_rand
0    1276f Q_random
0    12781 Q_crandom
0    12792 VectorCompare
0    127c0 VectorLength
0    127f1 VectorLengthSquared
0    1281b Distance
0    12852 DistanceSquared
0    12896 VectorNormalizeFast
0    128ef VectorInverse
0    12913 CrossProduct
0    1296c ClampChar
0    12987 ClampShort
0    129a2 DirToByte
0    129fd ByteToDir
0    12a1b ColorBytes3
0    12a8a ColorBytes4
0    12b1c NormalizeColor
0    12b86 PlaneFromPoints
0    12c1e RotatePointAroundVector
0    12d2f RotateAroundDirection
0    12d6b vectoangles
0    12e19 AnglesToAxis
0    12e4e AxisClear
0    12e89 AxisCopy
0    12eab ProjectPointOnPlane
0    12f62 MakeNormalVectors
0    12ff1 VectorRotate
0    1306e Q_rsqrt
0    130a9 Q_fabs
0    130b9 LerpAngle
0    130ee AngleSubtract
0    13113 AnglesSubtract
0    13161 AngleMod
0    13177 AngleNormalize360
0    13185 AngleNormalize180
0    131a4 AngleDelta
0    131b4 SetPlaneSignbits
0    131e5 BoxOnPlaneSide
0    134c2 RadiusFromBounds
0    1351d ClearBounds
0    13554 AddPointToBounds
0    135d1 VectorNormalize
0    1363b VectorNormalize2
0    136b7 _VectorMA
0    136fd _DotProduct
0    13728 _VectorSubtract
0    13761 _VectorAdd
0    1379a _VectorCopy
0    137bf _VectorScale
0    137f1 Vector4Scale
0    13830 Q_log2
0    13853 MatrixMultiply
0    139bc AngleVectors
0    13aae PerpendicularVector
0    13b10 Com_Clamp
0    13b2e COM_SkipPath
0    13b56 COM_StripExtension
0    13ba1 COM_DefaultExtension
0    13bed COM_BeginParseSession
0    13c02 COM_GetCurrentParseLine
0    13c11 COM_Parse
0    13c20 COM_ParseError
0    13c40 COM_ParseWarning
0    13c60 SkipWhitespace^42
0    13c9f COM_Compress
0    13def COM_ParseExt
0    13f50 COM_MatchToken
0    13f79 SkipBracedSection
0    13fbb SkipRestOfLine
0    13ff5 Com_InitSeparators
0    14007 SkipTillSeparators
0    1404a COM_ParseSep
0    141d2 Com_Split
0    142bc Parse1DMatrix
0    14307 Parse2DMatrix
0    1434e Parse3DMatrix
0    1439f Q_isprint
0    143b4 Q_islower
0    143c9 Q_isupper
0    143de Q_isalpha
0    143fb Q_strrchr
0    1442f Q_strncpyz
0    14472 Q_stricmpn
0    14501 Q_strncmp
0    14557 Q_stricmp
0    145d8 Q_strlwr
0    145fe Q_strupr
0    14624 Q_strcat
0    14650 Q_PrintStrlen
0    1469b Q_CleanStr
0    146fc Com_sprintf
0    1472b va
0    1475a Q_strkey^42
0    14799 Info_ValueForKey
0    14889 Info_NextPair
0    14921 Info_RemoveKey^42
0    149c7 Info_Validate
0    149f8 Info_ValidateKeyValue
0    14a31 Info_SetValueForKey
0    14ada Info_SetValueForKey_Big
0   13a358 _stackStart
0   14a358 _stackEnd
1       30 cvarTable^0
1      350 cvarTableSize^0
1      354 breadcrumbModificationCount^0
1      358 lazyloadModificationCount^0
1      35c skillNames^1
1      374 teamNames1^1
1      37c teamNames2^1
1      388 breadcrumbModificationCount^2
1      38c lazyloadModificationCount^2
1      390 propMap^2
1      990 propMapB^2
1      b40 cinematics^4
1      b7c controls_binding_color^7
1      b8c g_bindings^7
1      fec g_configcvars^7
1     1058 g_movement_controls^7
1     1088 g_weapons_controls^7
1     10c0 g_looking_controls^7
1     10f0 g_misc_controls^7
1     1110 g_controls^7
1     11d4 dirlevel^9
1     11d8 sorttype^9
1     129c rate_items^17
1     12e0 playermodel_artlist^19
1     134c handicap_items^21
1     13a0 teamoverlay_names^22
1     13e4 menu_text_color
1     13f4 menu_dim_color
1     1404 color_black
1     1414 color_white
1     1424 color_yellow
1     1434 color_blue
1     1444 color_lightOrange
1     1454 color_orange
1     1464 color_red
1     1474 color_dim
1     1484 pulse_color
1     1494 text_color_disabled
1     14a4 text_color_normal
1     14b4 text_color_highlight
1     14c4 listbar_color
1     14d4 text_color_status
1     1628 serverinfo_artlist^26
1     163c master_items^27
1     164c servertype_items^27
1     1664 sortkey_items^27
1     167c netnames^27
1     168c punkbuster_items
1     1698 punkbuster_msg
1     1740 quality_items^29
1     1770 specifyserver_artlist^31
1     178c ui_medalNames
1     17a4 ui_medalPicNames
1     17bc ui_medalSounds
1     17d4 medalLocations^33
1     1800 gametype_items^35
1     1814 gametype_remap^35
1     1824 gametype_remap2^35
1     1848 dedicated_list^35
1     1858 playerType_list^35
1     1868 playerTeam_list^35
1     1874 botSkill_list^35
1     18f4 ctfOrders^37
1     1914 ctfMessages^37
1     1934 teamOrders^37
1     1950 teamMessages^37
1     196c driverinfo_artlist^38
1     1980 s_ivo_templates^38
1     1af8 randSeed^39
1     1afc bg_itemlist
1     2eb0 bg_numItems
1     2f10 eventnames
1     3154 vec3_origin
1     3160 axisDefault
1     3184 colorBlack
1     3194 colorRed
1     31a4 colorGreen
1     31b4 colorBlue
1     31c4 colorYellow
1     31d4 colorMagenta
1     31e4 colorCyan
1     31f4 colorWhite
1     3204 colorLtGrey
1     3214 colorMdGrey
1     3224 colorDkGrey
1     3234 g_color_table
1     32b4 bytedirs
2      f35 dir^9
2     247a quake3worldMessage^27
2     5ae7 locase
3        0 breadcrumb^0
3      400 ui_developer
3      510 ui_lazyLoad
3      620 ui_breadCrumb
3      730 ui_cdkeychecked
3      840 ui_server16
3      950 ui_server15
3      a60 ui_server14
3      b70 ui_server13
3      c80 ui_server12
3      d90 ui_server11
3      ea0 ui_server10
3      fb0 ui_server9
3     10c0 ui_server8
3     11d0 ui_server7
3     12e0 ui_server6
3     13f0 ui_server5
3     1500 ui_server4
3     1610 ui_server3
3     1720 ui_server2
3     1830 ui_server1
3     1940 ui_marks
3     1a50 ui_drawCrosshairNames
3     1b60 ui_drawCrosshair
3     1c70 ui_brassTime
3     1d80 ui_browserShowEmpty
3     1e90 ui_browserShowFull
3     1fa0 ui_browserSortKey
3     20b0 ui_browserGameType
3     21c0 ui_browserMaster
3     22d0 ui_spSelection
3     23e0 ui_spSkill
3     24f0 ui_spVideos
3     2600 ui_spAwards
3     2710 ui_spScores5
3     2820 ui_spScores4
3     2930 ui_spScores3
3     2a40 ui_spScores2
3     2b50 ui_spScores1
3     2c60 ui_botsFile
3     2d70 ui_arenasFile
3     2e80 ui_ctf_friendly
3     2f90 ui_ctf_timelimit
3     30a0 ui_ctf_capturelimit
3     31b0 ui_team_friendly
3     32c0 ui_team_timelimit
3     33d0 ui_team_fraglimit
3     34e0 ui_tourney_timelimit
3     35f0 ui_tourney_fraglimit
3     3700 ui_ffa_timelimit
3     3810 ui_ffa_fraglimit
3     3920 addBotsMenuInfo^1
3     57ec breadcrumb^2
3     582c uis
3     8504 m_entersound
3     8508 cdkeyMenuInfo^3
3     88e0 cinematicsMenuInfo^4
3     8e5c s_confirm^5
3     9030 lastLoadingText^6
3     9430 lastConnState^6
3     9454 s_controls^7
3     a830 s_credits^8
3     a954 show_names^9
3    3a954 buffer^9
3    4a954 listpos^9
3    4ab54 num_files^9
3    4ab58 dptr^9
3    4bb58 dentry^9
3    4eb58 s_demos^9
3    5020c displayOptionsInfo^10
3    50660 outOfMemory^11
3    50664 allocPoint^11
3    50668 memoryPool^11
3    70668 ui_numSpecialSinglePlayerArenas^11
3    7066c ui_numSinglePlayerArenas^11
3    70670 ui_arenaInfos^11
3    71670 ui_numArenas^11
3    71674 ui_botInfos^11
3    72674 ui_numBots
3    72678 s_ingame^12
3    72af0 s_configs^13
3    73950 s_errorMessage^14
3    74a74 s_main^14
3    74dfc s_mods^16
3    76350 networkOptionsInfo^17
3    76770 s_options^18
3    76b84 s_playermodel^19
3    800dc jumpHeight^20
3    800e0 dp_realtime^20
3    800e4 s_playersettings^21
3    80b48 s_preferences^22
3    81130 sliderButton_1^23
3    81134 sliderButton_0^23
3    81138 sliderBar^23
3    8113c weaponChangeSound
3    81140 menu_null_sound
3    81144 menu_buzz_sound
3    81148 menu_out_sound
3    8114c menu_move_sound
3    81150 menu_in_sound
3    81154 removeBotsMenuInfo^24
3    827ec saveConfig^25
3    82bc4 show_info^26
3    85204 itemnames^26
3    85304 s_serverinfo^26
3    85ac0 g_fullservers^27
3    85ac4 g_emptyservers^27
3    85ac8 g_sortkey^27
3    85acc g_gametype^27
3    85ad0 g_servertype^27
3    85ad4 g_numfavoriteservers^27
3    85ad8 g_favoriteserverlist^27
3    863d8 g_numlocalservers^27
3    863dc g_localserverlist^27
3    983dc g_numglobalservers^27
3    983e0 g_globalserverlist^27
3   1043e0 g_arenaservers^27
3   112630 setupMenuInfo^28
3   112a7c soundOptionsInfo^29
3   112f3c s_specifyserver^31
3   1134c4 maxTier^32
3   1134c8 minTier^32
3   1134cc finalTier^32
3   1134d0 trainingTier^32
3   1134d4 currentGame^32
3   1134d8 currentSet^32
3   1134dc selectedArena^32
3   1134e0 selectedArenaSet^32
3   1134e4 levelMenuInfo^32
3   113f6c arenainfo^33
3   11436c postgameMenuInfo^33
3   114738 skillMenuInfo^34
3   114d34 botSelectInfo^35
3   1175c0 s_serveroptions^35
3   118f14 s_startserver^35
3   11a710 s_teammain^36
3   11a9c0 teamOrdersMenuInfo^37
3   11ad14 s_graphicsoptions^38
3   11b58c s_ivo^38
3   11b5b0 s_driverinfo^38
3   139750 is_separator^42
3   139b50 com_tokenline^42
3   139b54 com_lines^42
3   139b58 com_parsename^42
3   139f58 com_token^42
